******************************************************************************
                  TI ARM Linker PC v18.1.4                     
******************************************************************************
>> Linked Mon Nov 26 18:36:34 2018

OUTPUT FILE NAME:   <SG90.out>
ENTRY POINT SYMBOL: "_c_int00_noargs"  address: 000006c9


MEMORY CONFIGURATION

         name            origin    length      used     unused   attr    fill
----------------------  --------  ---------  --------  --------  ----  --------
  MAIN                  00000000   00040000  00000754  0003f8ac  R  X
  INFO                  00200000   00004000  00000000  00004000  R  X
  SRAM_CODE             01000000   00010000  0000021c  0000fde4  RW X
  SRAM_DATA             20000000   00010000  0000021c  0000fde4  RW  


SEGMENT ALLOCATION MAP

run origin  load origin   length   init length attrs members
----------  ----------- ---------- ----------- ----- -------
00000000    00000000    00000758   00000758    r-x
  00000000    00000000    000000e4   000000e4    r-- .intvecs
  000000e4    000000e4    00000640   00000640    r-x .text
  00000728    00000728    00000030   00000030    r-- .cinit
20000000    20000000    0000001c   00000000    rw-
  20000000    20000000    0000001c   00000000    rw- .data
2000fe00    2000fe00    00000200   00000000    rw-
  2000fe00    2000fe00    00000200   00000000    rw- .stack


SECTION ALLOCATION MAP

 output                                  attributes/
section   page    origin      length       input sections
--------  ----  ----------  ----------   ----------------
.intvecs   0    00000000    000000e4     
                  00000000    000000e4     startup_msp432p401r_ccs.obj (.intvecs:retain)

.text      0    000000e4    00000640     
                  000000e4    00000334     system_msp432p401r.obj (.text)
                  00000418    00000128     main.obj (.text)
                  00000540    0000009c     rtsv7M4_T_le_v4SPD16_eabi.lib : memcpy_t2.asm.obj (.text)
                  000005dc    00000068                                   : copy_decompress_lzss.c.obj (.text:decompress:lzss:__TI_decompress_lzss)
                  00000644    00000044                                   : autoinit.c.obj (.text:__TI_auto_init_nobinit_nopinit:__TI_auto_init_nobinit_nopinit)
                  00000688    00000040     SG90.obj (.text)
                  000006c8    00000038     rtsv7M4_T_le_v4SPD16_eabi.lib : boot_cortex_m.c.obj (.text:_c_int00_noargs:_c_int00_noargs)
                  00000700    0000000e                                   : copy_decompress_none.c.obj (.text:decompress:none:__TI_decompress_none)
                  0000070e    0000000e     startup_msp432p401r_ccs.obj (.text)
                  0000071c    00000004     rtsv7M4_T_le_v4SPD16_eabi.lib : pre_init.c.obj (.text:_system_pre_init)
                  00000720    00000004                                   : exit.c.obj (.text:abort:abort)

.cinit     0    00000728    00000030     
                  00000728    0000001e     (.cinit..data.load) [load image, compression = lzss]
                  00000746    00000002     --HOLE-- [fill = 0]
                  00000748    00000008     (__TI_handler_table)
                  00000750    00000008     (__TI_cinit_table)

.init_array 
*          0    00000000    00000000     UNINITIALIZED

.binit     0    00000000    00000000     

.data      0    20000000    0000001c     UNINITIALIZED
                  20000000    00000018     SG90.obj (.data:pwmConfig_SG90)
                  20000018    00000004     system_msp432p401r.obj (.data)

.stack     0    2000fe00    00000200     UNINITIALIZED
                  2000fe00    00000004     rtsv7M4_T_le_v4SPD16_eabi.lib : boot_cortex_m.c.obj (.stack)
                  2000fe04    000001fc     --HOLE--

MODULE SUMMARY

       Module                        code   ro data   rw data
       ------                        ----   -------   -------
    .\
       system_msp432p401r.obj        820    0         8      
       main.obj                      296    0         0      
       startup_msp432p401r_ccs.obj   14     228       0      
       SG90.obj                      64     0         48     
    +--+-----------------------------+------+---------+---------+
       Total:                        1194   228       56     
                                                             
    C:\ti\ccsv8\tools\compiler\ti-cgt-arm_18.1.4.LTS\lib\rtsv7M4_T_le_v4SPD16_eabi.lib
       memcpy_t2.asm.obj             156    0         0      
       copy_decompress_lzss.c.obj    104    0         0      
       autoinit.c.obj                68     0         0      
       boot_cortex_m.c.obj           56     0         0      
       copy_decompress_none.c.obj    14     0         0      
       exit.c.obj                    4      0         0      
       pre_init.c.obj                4      0         0      
    +--+-----------------------------+------+---------+---------+
       Total:                        406    0         0      
                                                             
       Stack:                        0      0         1024   
       Linker Generated:             0      46        0      
    +--+-----------------------------+------+---------+---------+
       Grand Total:                  1600   274       1080   


LINKER GENERATED COPY TABLES

__TI_cinit_table @ 00000750 records: 1, size/record: 8, table size: 8
	.data: load addr=00000728, load size=0000001e bytes, run addr=20000000, run size=0000001c bytes, compression=lzss


LINKER GENERATED HANDLER TABLE

__TI_handler_table @ 00000748 records: 2, size/record: 4, table size: 8
	index: 0, handler: __TI_decompress_lzss
	index: 1, handler: __TI_decompress_none


GLOBAL SYMBOLS: SORTED ALPHABETICALLY BY Name 

address   name                          
-------   ----                          
0000071b  ADC14_IRQHandler              
0000071b  AES256_IRQHandler             
0000071b  BusFault_Handler              
00000721  C$$EXIT                       
0000071b  COMP_E0_IRQHandler            
0000071b  COMP_E1_IRQHandler            
0000071b  CS_IRQHandler                 
0000071b  DMA_ERR_IRQHandler            
0000071b  DMA_INT0_IRQHandler           
0000071b  DMA_INT1_IRQHandler           
0000071b  DMA_INT2_IRQHandler           
0000071b  DMA_INT3_IRQHandler           
0000071b  DebugMon_Handler              
0000071b  Default_Handler               
0000071b  EUSCIA0_IRQHandler            
0000071b  EUSCIA1_IRQHandler            
0000071b  EUSCIA2_IRQHandler            
0000071b  EUSCIA3_IRQHandler            
0000071b  EUSCIB0_IRQHandler            
0000071b  EUSCIB1_IRQHandler            
0000071b  EUSCIB2_IRQHandler            
0000071b  EUSCIB3_IRQHandler            
0000071b  FLCTL_IRQHandler              
0000071b  FPU_IRQHandler                
0000071b  HardFault_Handler             
0000071b  MemManage_Handler             
0000071b  NMI_Handler                   
0000071b  PCM_IRQHandler                
000004ed  PORT1_IRQHandler              
000004ed  PORT1_IRQHandler              
0000071b  PORT2_IRQHandler              
0000071b  PORT3_IRQHandler              
0000071b  PORT4_IRQHandler              
0000071b  PORT5_IRQHandler              
0000071b  PORT6_IRQHandler              
0000071b  PSS_IRQHandler                
0000071b  PendSV_Handler                
0000071b  RTC_C_IRQHandler              
0000070f  Reset_Handler                 
0000071b  SVC_Handler                   
00000689  Servo_TurnLeft_90             
000006a1  Servo_TurnRight_90            
0000071b  SysTick_Handler               
20000018  SystemCoreClock               
000000e5  SystemCoreClockUpdate         
0000035d  SystemInit                    
0000071b  T32_INT1_IRQHandler           
0000071b  T32_INT2_IRQHandler           
0000071b  T32_INTC_IRQHandler           
0000071b  TA0_0_IRQHandler              
0000071b  TA0_N_IRQHandler              
0000071b  TA1_0_IRQHandler              
0000071b  TA1_N_IRQHandler              
0000071b  TA2_0_IRQHandler              
0000071b  TA2_N_IRQHandler              
0000071b  TA3_0_IRQHandler              
0000071b  TA3_N_IRQHandler              
0000071b  UsageFault_Handler            
4000480c  WDTCTL_SYM                    
0000071b  WDT_A_IRQHandler              
20010000  __STACK_END                   
00000200  __STACK_SIZE                  
00000750  __TI_CINIT_Base               
00000758  __TI_CINIT_Limit              
00000748  __TI_Handler_Table_Base       
00000750  __TI_Handler_Table_Limit      
00000645  __TI_auto_init_nobinit_nopinit
000005dd  __TI_decompress_lzss          
00000701  __TI_decompress_none          
ffffffff  __TI_pprof_out_hndl           
ffffffff  __TI_prof_data_size           
ffffffff  __TI_prof_data_start          
00000000  __TI_static_base__            
00000541  __aeabi_memcpy                
00000541  __aeabi_memcpy4               
00000541  __aeabi_memcpy8               
ffffffff  __binit__                     
ffffffff  __c_args__                    
UNDEFED   __mpu_init                    
2000fe00  __stack                       
000006c9  _c_int00_noargs               
UNDEFED   _system_post_cinit            
0000071d  _system_pre_init              
00000721  abort                         
ffffffff  binit                         
00000000  interruptVectors              
00000419  main                          
00000541  memcpy                        
20000000  pwmConfig_SG90                


GLOBAL SYMBOLS: SORTED BY Symbol Address 

address   name                          
-------   ----                          
00000000  __TI_static_base__            
00000000  interruptVectors              
000000e5  SystemCoreClockUpdate         
00000200  __STACK_SIZE                  
0000035d  SystemInit                    
00000419  main                          
000004ed  PORT1_IRQHandler              
000004ed  PORT1_IRQHandler              
00000541  __aeabi_memcpy                
00000541  __aeabi_memcpy4               
00000541  __aeabi_memcpy8               
00000541  memcpy                        
000005dd  __TI_decompress_lzss          
00000645  __TI_auto_init_nobinit_nopinit
00000689  Servo_TurnLeft_90             
000006a1  Servo_TurnRight_90            
000006c9  _c_int00_noargs               
00000701  __TI_decompress_none          
0000070f  Reset_Handler                 
0000071b  ADC14_IRQHandler              
0000071b  AES256_IRQHandler             
0000071b  BusFault_Handler              
0000071b  COMP_E0_IRQHandler            
0000071b  COMP_E1_IRQHandler            
0000071b  CS_IRQHandler                 
0000071b  DMA_ERR_IRQHandler            
0000071b  DMA_INT0_IRQHandler           
0000071b  DMA_INT1_IRQHandler           
0000071b  DMA_INT2_IRQHandler           
0000071b  DMA_INT3_IRQHandler           
0000071b  DebugMon_Handler              
0000071b  Default_Handler               
0000071b  EUSCIA0_IRQHandler            
0000071b  EUSCIA1_IRQHandler            
0000071b  EUSCIA2_IRQHandler            
0000071b  EUSCIA3_IRQHandler            
0000071b  EUSCIB0_IRQHandler            
0000071b  EUSCIB1_IRQHandler            
0000071b  EUSCIB2_IRQHandler            
0000071b  EUSCIB3_IRQHandler            
0000071b  FLCTL_IRQHandler              
0000071b  FPU_IRQHandler                
0000071b  HardFault_Handler             
0000071b  MemManage_Handler             
0000071b  NMI_Handler                   
0000071b  PCM_IRQHandler                
0000071b  PORT2_IRQHandler              
0000071b  PORT3_IRQHandler              
0000071b  PORT4_IRQHandler              
0000071b  PORT5_IRQHandler              
0000071b  PORT6_IRQHandler              
0000071b  PSS_IRQHandler                
0000071b  PendSV_Handler                
0000071b  RTC_C_IRQHandler              
0000071b  SVC_Handler                   
0000071b  SysTick_Handler               
0000071b  T32_INT1_IRQHandler           
0000071b  T32_INT2_IRQHandler           
0000071b  T32_INTC_IRQHandler           
0000071b  TA0_0_IRQHandler              
0000071b  TA0_N_IRQHandler              
0000071b  TA1_0_IRQHandler              
0000071b  TA1_N_IRQHandler              
0000071b  TA2_0_IRQHandler              
0000071b  TA2_N_IRQHandler              
0000071b  TA3_0_IRQHandler              
0000071b  TA3_N_IRQHandler              
0000071b  UsageFault_Handler            
0000071b  WDT_A_IRQHandler              
0000071d  _system_pre_init              
00000721  C$$EXIT                       
00000721  abort                         
00000748  __TI_Handler_Table_Base       
00000750  __TI_CINIT_Base               
00000750  __TI_Handler_Table_Limit      
00000758  __TI_CINIT_Limit              
20000000  pwmConfig_SG90                
20000018  SystemCoreClock               
2000fe00  __stack                       
20010000  __STACK_END                   
4000480c  WDTCTL_SYM                    
ffffffff  __TI_pprof_out_hndl           
ffffffff  __TI_prof_data_size           
ffffffff  __TI_prof_data_start          
ffffffff  __binit__                     
ffffffff  __c_args__                    
ffffffff  binit                         
UNDEFED   __mpu_init                    
UNDEFED   _system_post_cinit            

[89 symbols]
