******************************************************************************
                  TI ARM Linker PC v18.1.4                     
******************************************************************************
>> Linked Mon Nov 26 13:19:00 2018

OUTPUT FILE NAME:   <SmartCar.out>
ENTRY POINT SYMBOL: "_c_int00_noargs"  address: 000007bd


MEMORY CONFIGURATION

         name            origin    length      used     unused   attr    fill
----------------------  --------  ---------  --------  --------  ----  --------
  MAIN                  00000000   00040000  00000858  0003f7a8  R  X
  INFO                  00200000   00004000  00000000  00004000  R  X
  SRAM_CODE             01000000   00010000  00000264  0000fd9c  RW X
  SRAM_DATA             20000000   00010000  00000264  0000fd9c  RW  


SEGMENT ALLOCATION MAP

run origin  load origin   length   init length attrs members
----------  ----------- ---------- ----------- ----- -------
00000000    00000000    00000858   00000858    r-x
  00000000    00000000    000000e4   000000e4    r-- .intvecs
  000000e4    000000e4    00000734   00000734    r-x .text
  00000818    00000818    00000040   00000040    r-- .cinit
20000000    20000000    00000064   00000000    rw-
  20000000    20000000    00000064   00000000    rw- .data
2000fe00    2000fe00    00000200   00000000    rw-
  2000fe00    2000fe00    00000200   00000000    rw- .stack


SECTION ALLOCATION MAP

 output                                  attributes/
section   page    origin      length       input sections
--------  ----  ----------  ----------   ----------------
.intvecs   0    00000000    000000e4     
                  00000000    000000e4     startup_msp432p401r_ccs.obj (.intvecs:retain)

.text      0    000000e4    00000734     
                  000000e4    00000334     system_msp432p401r.obj (.text)
                  00000418    0000013c     main.obj (.text)
                  00000554    00000120     base_move.obj (.text)
                  00000674    0000009c     rtsv7M4_T_le_v4SPD16_eabi.lib : memcpy_t2.asm.obj (.text)
                  00000710    00000068                                   : copy_decompress_lzss.c.obj (.text:decompress:lzss:__TI_decompress_lzss)
                  00000778    00000044                                   : autoinit.c.obj (.text:__TI_auto_init_nobinit_nopinit:__TI_auto_init_nobinit_nopinit)
                  000007bc    00000038                                   : boot_cortex_m.c.obj (.text:_c_int00_noargs:_c_int00_noargs)
                  000007f4    0000000e                                   : copy_decompress_none.c.obj (.text:decompress:none:__TI_decompress_none)
                  00000802    0000000e     startup_msp432p401r_ccs.obj (.text)
                  00000810    00000004     rtsv7M4_T_le_v4SPD16_eabi.lib : pre_init.c.obj (.text:_system_pre_init)
                  00000814    00000004                                   : exit.c.obj (.text:abort:abort)

.cinit     0    00000818    00000040     
                  00000818    0000002d     (.cinit..data.load) [load image, compression = lzss]
                  00000845    00000003     --HOLE-- [fill = 0]
                  00000848    00000008     (__TI_handler_table)
                  00000850    00000008     (__TI_cinit_table)

.init_array 
*          0    00000000    00000000     UNINITIALIZED

.binit     0    00000000    00000000     

.data      0    20000000    00000064     UNINITIALIZED
                  20000000    00000018     base_move.obj (.data:pwmConfig_Left_Back)
                  20000018    00000018     base_move.obj (.data:pwmConfig_Left_Go)
                  20000030    00000018     base_move.obj (.data:pwmConfig_Right_Back)
                  20000048    00000018     base_move.obj (.data:pwmConfig_Right_Go)
                  20000060    00000004     system_msp432p401r.obj (.data)

.stack     0    2000fe00    00000200     UNINITIALIZED
                  2000fe00    00000004     rtsv7M4_T_le_v4SPD16_eabi.lib : boot_cortex_m.c.obj (.stack)
                  2000fe04    000001fc     --HOLE--

MODULE SUMMARY

       Module                        code   ro data   rw data
       ------                        ----   -------   -------
    .\
       system_msp432p401r.obj        820    0         8      
       base_move.obj                 288    0         192    
       main.obj                      316    0         0      
       startup_msp432p401r_ccs.obj   14     228       0      
    +--+-----------------------------+------+---------+---------+
       Total:                        1438   228       200    
                                                             
    C:\ti\ccsv8\tools\compiler\ti-cgt-arm_18.1.4.LTS\lib\rtsv7M4_T_le_v4SPD16_eabi.lib
       memcpy_t2.asm.obj             156    0         0      
       copy_decompress_lzss.c.obj    104    0         0      
       autoinit.c.obj                68     0         0      
       boot_cortex_m.c.obj           56     0         0      
       copy_decompress_none.c.obj    14     0         0      
       exit.c.obj                    4      0         0      
       pre_init.c.obj                4      0         0      
    +--+-----------------------------+------+---------+---------+
       Total:                        406    0         0      
                                                             
       Stack:                        0      0         1024   
       Linker Generated:             0      61        0      
    +--+-----------------------------+------+---------+---------+
       Grand Total:                  1844   289       1224   


LINKER GENERATED COPY TABLES

__TI_cinit_table @ 00000850 records: 1, size/record: 8, table size: 8
	.data: load addr=00000818, load size=0000002d bytes, run addr=20000000, run size=00000064 bytes, compression=lzss


LINKER GENERATED HANDLER TABLE

__TI_handler_table @ 00000848 records: 2, size/record: 4, table size: 8
	index: 0, handler: __TI_decompress_lzss
	index: 1, handler: __TI_decompress_none


GLOBAL SYMBOLS: SORTED ALPHABETICALLY BY Name 

address   name                          
-------   ----                          
0000080f  ADC14_IRQHandler              
0000080f  AES256_IRQHandler             
0000080f  BusFault_Handler              
00000815  C$$EXIT                       
0000080f  COMP_E0_IRQHandler            
0000080f  COMP_E1_IRQHandler            
0000080f  CS_IRQHandler                 
0000080f  DMA_ERR_IRQHandler            
0000080f  DMA_INT0_IRQHandler           
0000080f  DMA_INT1_IRQHandler           
0000080f  DMA_INT2_IRQHandler           
0000080f  DMA_INT3_IRQHandler           
0000080f  DebugMon_Handler              
0000080f  Default_Handler               
0000080f  EUSCIA0_IRQHandler            
0000080f  EUSCIA1_IRQHandler            
0000080f  EUSCIA2_IRQHandler            
0000080f  EUSCIA3_IRQHandler            
0000080f  EUSCIB0_IRQHandler            
0000080f  EUSCIB1_IRQHandler            
0000080f  EUSCIB2_IRQHandler            
0000080f  EUSCIB3_IRQHandler            
0000080f  FLCTL_IRQHandler              
0000080f  FPU_IRQHandler                
00000597  Go_Back                       
00000555  Go_Forward                    
0000080f  HardFault_Handler             
0000080f  MemManage_Handler             
0000080f  NMI_Handler                   
0000080f  PCM_IRQHandler                
000004ff  PORT1_IRQHandler              
000004ff  PORT1_IRQHandler              
0000080f  PORT2_IRQHandler              
0000080f  PORT3_IRQHandler              
0000080f  PORT4_IRQHandler              
0000080f  PORT5_IRQHandler              
0000080f  PORT6_IRQHandler              
0000080f  PSS_IRQHandler                
0000080f  PendSV_Handler                
0000080f  RTC_C_IRQHandler              
00000803  Reset_Handler                 
0000080f  SVC_Handler                   
0000080f  SysTick_Handler               
20000060  SystemCoreClock               
000000e5  SystemCoreClockUpdate         
0000035d  SystemInit                    
0000080f  T32_INT1_IRQHandler           
0000080f  T32_INT2_IRQHandler           
0000080f  T32_INTC_IRQHandler           
0000080f  TA0_0_IRQHandler              
0000080f  TA0_N_IRQHandler              
0000080f  TA1_0_IRQHandler              
0000080f  TA1_N_IRQHandler              
0000080f  TA2_0_IRQHandler              
0000080f  TA2_N_IRQHandler              
0000080f  TA3_0_IRQHandler              
0000080f  TA3_N_IRQHandler              
000005d9  Turn_Left                     
0000061b  Turn_Right                    
0000080f  UsageFault_Handler            
4000480c  WDTCTL_SYM                    
0000080f  WDT_A_IRQHandler              
20010000  __STACK_END                   
00000200  __STACK_SIZE                  
00000850  __TI_CINIT_Base               
00000858  __TI_CINIT_Limit              
00000848  __TI_Handler_Table_Base       
00000850  __TI_Handler_Table_Limit      
00000779  __TI_auto_init_nobinit_nopinit
00000711  __TI_decompress_lzss          
000007f5  __TI_decompress_none          
ffffffff  __TI_pprof_out_hndl           
ffffffff  __TI_prof_data_size           
ffffffff  __TI_prof_data_start          
00000000  __TI_static_base__            
00000675  __aeabi_memcpy                
00000675  __aeabi_memcpy4               
00000675  __aeabi_memcpy8               
ffffffff  __binit__                     
ffffffff  __c_args__                    
UNDEFED   __mpu_init                    
2000fe00  __stack                       
000007bd  _c_int00_noargs               
UNDEFED   _system_post_cinit            
00000811  _system_pre_init              
00000815  abort                         
ffffffff  binit                         
00000000  interruptVectors              
00000419  main                          
00000675  memcpy                        
20000000  pwmConfig_Left_Back           
20000018  pwmConfig_Left_Go             
20000030  pwmConfig_Right_Back          
20000048  pwmConfig_Right_Go            


GLOBAL SYMBOLS: SORTED BY Symbol Address 

address   name                          
-------   ----                          
00000000  __TI_static_base__            
00000000  interruptVectors              
000000e5  SystemCoreClockUpdate         
00000200  __STACK_SIZE                  
0000035d  SystemInit                    
00000419  main                          
000004ff  PORT1_IRQHandler              
000004ff  PORT1_IRQHandler              
00000555  Go_Forward                    
00000597  Go_Back                       
000005d9  Turn_Left                     
0000061b  Turn_Right                    
00000675  __aeabi_memcpy                
00000675  __aeabi_memcpy4               
00000675  __aeabi_memcpy8               
00000675  memcpy                        
00000711  __TI_decompress_lzss          
00000779  __TI_auto_init_nobinit_nopinit
000007bd  _c_int00_noargs               
000007f5  __TI_decompress_none          
00000803  Reset_Handler                 
0000080f  ADC14_IRQHandler              
0000080f  AES256_IRQHandler             
0000080f  BusFault_Handler              
0000080f  COMP_E0_IRQHandler            
0000080f  COMP_E1_IRQHandler            
0000080f  CS_IRQHandler                 
0000080f  DMA_ERR_IRQHandler            
0000080f  DMA_INT0_IRQHandler           
0000080f  DMA_INT1_IRQHandler           
0000080f  DMA_INT2_IRQHandler           
0000080f  DMA_INT3_IRQHandler           
0000080f  DebugMon_Handler              
0000080f  Default_Handler               
0000080f  EUSCIA0_IRQHandler            
0000080f  EUSCIA1_IRQHandler            
0000080f  EUSCIA2_IRQHandler            
0000080f  EUSCIA3_IRQHandler            
0000080f  EUSCIB0_IRQHandler            
0000080f  EUSCIB1_IRQHandler            
0000080f  EUSCIB2_IRQHandler            
0000080f  EUSCIB3_IRQHandler            
0000080f  FLCTL_IRQHandler              
0000080f  FPU_IRQHandler                
0000080f  HardFault_Handler             
0000080f  MemManage_Handler             
0000080f  NMI_Handler                   
0000080f  PCM_IRQHandler                
0000080f  PORT2_IRQHandler              
0000080f  PORT3_IRQHandler              
0000080f  PORT4_IRQHandler              
0000080f  PORT5_IRQHandler              
0000080f  PORT6_IRQHandler              
0000080f  PSS_IRQHandler                
0000080f  PendSV_Handler                
0000080f  RTC_C_IRQHandler              
0000080f  SVC_Handler                   
0000080f  SysTick_Handler               
0000080f  T32_INT1_IRQHandler           
0000080f  T32_INT2_IRQHandler           
0000080f  T32_INTC_IRQHandler           
0000080f  TA0_0_IRQHandler              
0000080f  TA0_N_IRQHandler              
0000080f  TA1_0_IRQHandler              
0000080f  TA1_N_IRQHandler              
0000080f  TA2_0_IRQHandler              
0000080f  TA2_N_IRQHandler              
0000080f  TA3_0_IRQHandler              
0000080f  TA3_N_IRQHandler              
0000080f  UsageFault_Handler            
0000080f  WDT_A_IRQHandler              
00000811  _system_pre_init              
00000815  C$$EXIT                       
00000815  abort                         
00000848  __TI_Handler_Table_Base       
00000850  __TI_CINIT_Base               
00000850  __TI_Handler_Table_Limit      
00000858  __TI_CINIT_Limit              
20000000  pwmConfig_Left_Back           
20000018  pwmConfig_Left_Go             
20000030  pwmConfig_Right_Back          
20000048  pwmConfig_Right_Go            
20000060  SystemCoreClock               
2000fe00  __stack                       
20010000  __STACK_END                   
4000480c  WDTCTL_SYM                    
ffffffff  __TI_pprof_out_hndl           
ffffffff  __TI_prof_data_size           
ffffffff  __TI_prof_data_start          
ffffffff  __binit__                     
ffffffff  __c_args__                    
ffffffff  binit                         
UNDEFED   __mpu_init                    
UNDEFED   _system_post_cinit            

[94 symbols]
