******************************************************************************
                  TI ARM Linker PC v18.1.4                     
******************************************************************************
>> Linked Mon Nov 26 12:44:11 2018

OUTPUT FILE NAME:   <timerA_pwm.out>
ENTRY POINT SYMBOL: "_c_int00_noargs"  address: 00000799


MEMORY CONFIGURATION

         name            origin    length      used     unused   attr    fill
----------------------  --------  ---------  --------  --------  ----  --------
  MAIN                  00000000   00040000  00000834  0003f7cc  R  X
  INFO                  00200000   00004000  00000000  00004000  R  X
  SRAM_CODE             01000000   00010000  00000264  0000fd9c  RW X
  SRAM_DATA             20000000   00010000  00000264  0000fd9c  RW  


SEGMENT ALLOCATION MAP

run origin  load origin   length   init length attrs members
----------  ----------- ---------- ----------- ----- -------
00000000    00000000    00000838   00000838    r-x
  00000000    00000000    000000e4   000000e4    r-- .intvecs
  000000e4    000000e4    00000710   00000710    r-x .text
  000007f8    000007f8    00000040   00000040    r-- .cinit
20000000    20000000    00000064   00000000    rw-
  20000000    20000000    00000064   00000000    rw- .data
2000fe00    2000fe00    00000200   00000000    rw-
  2000fe00    2000fe00    00000200   00000000    rw- .stack


SECTION ALLOCATION MAP

 output                                  attributes/
section   page    origin      length       input sections
--------  ----  ----------  ----------   ----------------
.intvecs   0    00000000    000000e4     
                  00000000    000000e4     startup_msp432p401r_ccs.obj (.intvecs:retain)

.text      0    000000e4    00000710     
                  000000e4    00000334     system_msp432p401r.obj (.text)
                  00000418    00000238     main.obj (.text)
                  00000650    0000009c     rtsv7M4_T_le_v4SPD16_eabi.lib : memcpy_t2.asm.obj (.text)
                  000006ec    00000068                                   : copy_decompress_lzss.c.obj (.text:decompress:lzss:__TI_decompress_lzss)
                  00000754    00000044                                   : autoinit.c.obj (.text:__TI_auto_init_nobinit_nopinit:__TI_auto_init_nobinit_nopinit)
                  00000798    00000038                                   : boot_cortex_m.c.obj (.text:_c_int00_noargs:_c_int00_noargs)
                  000007d0    0000000e                                   : copy_decompress_none.c.obj (.text:decompress:none:__TI_decompress_none)
                  000007de    0000000e     startup_msp432p401r_ccs.obj (.text)
                  000007ec    00000004     rtsv7M4_T_le_v4SPD16_eabi.lib : pre_init.c.obj (.text:_system_pre_init)
                  000007f0    00000004                                   : exit.c.obj (.text:abort:abort)

.cinit     0    000007f8    00000040     
                  000007f8    0000002d     (.cinit..data.load) [load image, compression = lzss]
                  00000825    00000003     --HOLE-- [fill = 0]
                  00000828    00000008     (__TI_handler_table)
                  00000830    00000008     (__TI_cinit_table)

.init_array 
*          0    00000000    00000000     UNINITIALIZED

.binit     0    00000000    00000000     

.data      0    20000000    00000064     UNINITIALIZED
                  20000000    00000018     main.obj (.data:pwmConfig_Left_Back)
                  20000018    00000018     main.obj (.data:pwmConfig_Left_Go)
                  20000030    00000018     main.obj (.data:pwmConfig_Right_Back)
                  20000048    00000018     main.obj (.data:pwmConfig_Right_Go)
                  20000060    00000004     system_msp432p401r.obj (.data)

.stack     0    2000fe00    00000200     UNINITIALIZED
                  2000fe00    00000004     rtsv7M4_T_le_v4SPD16_eabi.lib : boot_cortex_m.c.obj (.stack)
                  2000fe04    000001fc     --HOLE--

MODULE SUMMARY

       Module                        code   ro data   rw data
       ------                        ----   -------   -------
    .\
       system_msp432p401r.obj        820    0         8      
       main.obj                      568    0         192    
       startup_msp432p401r_ccs.obj   14     228       0      
    +--+-----------------------------+------+---------+---------+
       Total:                        1402   228       200    
                                                             
    C:\ti\ccsv8\tools\compiler\ti-cgt-arm_18.1.4.LTS\lib\rtsv7M4_T_le_v4SPD16_eabi.lib
       memcpy_t2.asm.obj             156    0         0      
       copy_decompress_lzss.c.obj    104    0         0      
       autoinit.c.obj                68     0         0      
       boot_cortex_m.c.obj           56     0         0      
       copy_decompress_none.c.obj    14     0         0      
       exit.c.obj                    4      0         0      
       pre_init.c.obj                4      0         0      
    +--+-----------------------------+------+---------+---------+
       Total:                        406    0         0      
                                                             
       Stack:                        0      0         1024   
       Linker Generated:             0      61        0      
    +--+-----------------------------+------+---------+---------+
       Grand Total:                  1808   289       1224   


LINKER GENERATED COPY TABLES

__TI_cinit_table @ 00000830 records: 1, size/record: 8, table size: 8
	.data: load addr=000007f8, load size=0000002d bytes, run addr=20000000, run size=00000064 bytes, compression=lzss


LINKER GENERATED HANDLER TABLE

__TI_handler_table @ 00000828 records: 2, size/record: 4, table size: 8
	index: 0, handler: __TI_decompress_lzss
	index: 1, handler: __TI_decompress_none


GLOBAL SYMBOLS: SORTED ALPHABETICALLY BY Name 

address   name                          
-------   ----                          
000007eb  ADC14_IRQHandler              
000007eb  AES256_IRQHandler             
000007eb  BusFault_Handler              
000007f1  C$$EXIT                       
000007eb  COMP_E0_IRQHandler            
000007eb  COMP_E1_IRQHandler            
000007eb  CS_IRQHandler                 
000007eb  DMA_ERR_IRQHandler            
000007eb  DMA_INT0_IRQHandler           
000007eb  DMA_INT1_IRQHandler           
000007eb  DMA_INT2_IRQHandler           
000007eb  DMA_INT3_IRQHandler           
000007eb  DebugMon_Handler              
000007eb  Default_Handler               
000007eb  EUSCIA0_IRQHandler            
000007eb  EUSCIA1_IRQHandler            
000007eb  EUSCIA2_IRQHandler            
000007eb  EUSCIA3_IRQHandler            
000007eb  EUSCIB0_IRQHandler            
000007eb  EUSCIB1_IRQHandler            
000007eb  EUSCIB2_IRQHandler            
000007eb  EUSCIB3_IRQHandler            
000007eb  FLCTL_IRQHandler              
000007eb  FPU_IRQHandler                
0000058b  Go_Back                       
00000557  Go_Forward                    
000007eb  HardFault_Handler             
000007eb  MemManage_Handler             
000007eb  NMI_Handler                   
000007eb  PCM_IRQHandler                
00000523  PORT1_IRQHandler              
00000523  PORT1_IRQHandler              
000007eb  PORT2_IRQHandler              
000007eb  PORT3_IRQHandler              
000007eb  PORT4_IRQHandler              
000007eb  PORT5_IRQHandler              
000007eb  PORT6_IRQHandler              
000007eb  PSS_IRQHandler                
000007eb  PendSV_Handler                
000007eb  RTC_C_IRQHandler              
000007df  Reset_Handler                 
000007eb  SVC_Handler                   
000007eb  SysTick_Handler               
20000060  SystemCoreClock               
000000e5  SystemCoreClockUpdate         
0000035d  SystemInit                    
000007eb  T32_INT1_IRQHandler           
000007eb  T32_INT2_IRQHandler           
000007eb  T32_INTC_IRQHandler           
000007eb  TA0_0_IRQHandler              
000007eb  TA0_N_IRQHandler              
000007eb  TA1_0_IRQHandler              
000007eb  TA1_N_IRQHandler              
000007eb  TA2_0_IRQHandler              
000007eb  TA2_N_IRQHandler              
000007eb  TA3_0_IRQHandler              
000007eb  TA3_N_IRQHandler              
000005bf  Turn_Left                     
000005f3  Turn_Right                    
000007eb  UsageFault_Handler            
4000480c  WDTCTL_SYM                    
000007eb  WDT_A_IRQHandler              
20010000  __STACK_END                   
00000200  __STACK_SIZE                  
00000830  __TI_CINIT_Base               
00000838  __TI_CINIT_Limit              
00000828  __TI_Handler_Table_Base       
00000830  __TI_Handler_Table_Limit      
00000755  __TI_auto_init_nobinit_nopinit
000006ed  __TI_decompress_lzss          
000007d1  __TI_decompress_none          
ffffffff  __TI_pprof_out_hndl           
ffffffff  __TI_prof_data_size           
ffffffff  __TI_prof_data_start          
00000000  __TI_static_base__            
00000651  __aeabi_memcpy                
00000651  __aeabi_memcpy4               
00000651  __aeabi_memcpy8               
ffffffff  __binit__                     
ffffffff  __c_args__                    
UNDEFED   __mpu_init                    
2000fe00  __stack                       
00000799  _c_int00_noargs               
UNDEFED   _system_post_cinit            
000007ed  _system_pre_init              
000007f1  abort                         
ffffffff  binit                         
00000000  interruptVectors              
00000419  main                          
00000651  memcpy                        
20000000  pwmConfig_Left_Back           
20000018  pwmConfig_Left_Go             
20000030  pwmConfig_Right_Back          
20000048  pwmConfig_Right_Go            


GLOBAL SYMBOLS: SORTED BY Symbol Address 

address   name                          
-------   ----                          
00000000  __TI_static_base__            
00000000  interruptVectors              
000000e5  SystemCoreClockUpdate         
00000200  __STACK_SIZE                  
0000035d  SystemInit                    
00000419  main                          
00000523  PORT1_IRQHandler              
00000523  PORT1_IRQHandler              
00000557  Go_Forward                    
0000058b  Go_Back                       
000005bf  Turn_Left                     
000005f3  Turn_Right                    
00000651  __aeabi_memcpy                
00000651  __aeabi_memcpy4               
00000651  __aeabi_memcpy8               
00000651  memcpy                        
000006ed  __TI_decompress_lzss          
00000755  __TI_auto_init_nobinit_nopinit
00000799  _c_int00_noargs               
000007d1  __TI_decompress_none          
000007df  Reset_Handler                 
000007eb  ADC14_IRQHandler              
000007eb  AES256_IRQHandler             
000007eb  BusFault_Handler              
000007eb  COMP_E0_IRQHandler            
000007eb  COMP_E1_IRQHandler            
000007eb  CS_IRQHandler                 
000007eb  DMA_ERR_IRQHandler            
000007eb  DMA_INT0_IRQHandler           
000007eb  DMA_INT1_IRQHandler           
000007eb  DMA_INT2_IRQHandler           
000007eb  DMA_INT3_IRQHandler           
000007eb  DebugMon_Handler              
000007eb  Default_Handler               
000007eb  EUSCIA0_IRQHandler            
000007eb  EUSCIA1_IRQHandler            
000007eb  EUSCIA2_IRQHandler            
000007eb  EUSCIA3_IRQHandler            
000007eb  EUSCIB0_IRQHandler            
000007eb  EUSCIB1_IRQHandler            
000007eb  EUSCIB2_IRQHandler            
000007eb  EUSCIB3_IRQHandler            
000007eb  FLCTL_IRQHandler              
000007eb  FPU_IRQHandler                
000007eb  HardFault_Handler             
000007eb  MemManage_Handler             
000007eb  NMI_Handler                   
000007eb  PCM_IRQHandler                
000007eb  PORT2_IRQHandler              
000007eb  PORT3_IRQHandler              
000007eb  PORT4_IRQHandler              
000007eb  PORT5_IRQHandler              
000007eb  PORT6_IRQHandler              
000007eb  PSS_IRQHandler                
000007eb  PendSV_Handler                
000007eb  RTC_C_IRQHandler              
000007eb  SVC_Handler                   
000007eb  SysTick_Handler               
000007eb  T32_INT1_IRQHandler           
000007eb  T32_INT2_IRQHandler           
000007eb  T32_INTC_IRQHandler           
000007eb  TA0_0_IRQHandler              
000007eb  TA0_N_IRQHandler              
000007eb  TA1_0_IRQHandler              
000007eb  TA1_N_IRQHandler              
000007eb  TA2_0_IRQHandler              
000007eb  TA2_N_IRQHandler              
000007eb  TA3_0_IRQHandler              
000007eb  TA3_N_IRQHandler              
000007eb  UsageFault_Handler            
000007eb  WDT_A_IRQHandler              
000007ed  _system_pre_init              
000007f1  C$$EXIT                       
000007f1  abort                         
00000828  __TI_Handler_Table_Base       
00000830  __TI_CINIT_Base               
00000830  __TI_Handler_Table_Limit      
00000838  __TI_CINIT_Limit              
20000000  pwmConfig_Left_Back           
20000018  pwmConfig_Left_Go             
20000030  pwmConfig_Right_Back          
20000048  pwmConfig_Right_Go            
20000060  SystemCoreClock               
2000fe00  __stack                       
20010000  __STACK_END                   
4000480c  WDTCTL_SYM                    
ffffffff  __TI_pprof_out_hndl           
ffffffff  __TI_prof_data_size           
ffffffff  __TI_prof_data_start          
ffffffff  __binit__                     
ffffffff  __c_args__                    
ffffffff  binit                         
UNDEFED   __mpu_init                    
UNDEFED   _system_post_cinit            

[94 symbols]
