******************************************************************************
                  TI ARM Linker PC v18.1.4                     
******************************************************************************
>> Linked Sat Nov 24 16:28:50 2018

OUTPUT FILE NAME:   <timerA_pwm.out>
ENTRY POINT SYMBOL: "_c_int00_noargs"  address: 000006e9


MEMORY CONFIGURATION

         name            origin    length      used     unused   attr    fill
----------------------  --------  ---------  --------  --------  ----  --------
  MAIN                  00000000   00040000  00000774  0003f88c  R  X
  INFO                  00200000   00004000  00000000  00004000  R  X
  SRAM_CODE             01000000   00010000  0000021c  0000fde4  RW X
  SRAM_DATA             20000000   00010000  0000021c  0000fde4  RW  


SEGMENT ALLOCATION MAP

run origin  load origin   length   init length attrs members
----------  ----------- ---------- ----------- ----- -------
00000000    00000000    00000778   00000778    r-x
  00000000    00000000    000000e4   000000e4    r-- .intvecs
  000000e4    000000e4    00000660   00000660    r-x .text
  00000748    00000748    00000030   00000030    r-- .cinit
20000000    20000000    0000001c   00000000    rw-
  20000000    20000000    0000001c   00000000    rw- .data
2000fe00    2000fe00    00000200   00000000    rw-
  2000fe00    2000fe00    00000200   00000000    rw- .stack


SECTION ALLOCATION MAP

 output                                  attributes/
section   page    origin      length       input sections
--------  ----  ----------  ----------   ----------------
.intvecs   0    00000000    000000e4     
                  00000000    000000e4     startup_msp432p401r_ccs.obj (.intvecs:retain)

.text      0    000000e4    00000660     
                  000000e4    00000334     system_msp432p401r.obj (.text)
                  00000418    00000188     main.obj (.text)
                  000005a0    0000009c     rtsv7M4_T_le_v4SPD16_eabi.lib : memcpy_t2.asm.obj (.text)
                  0000063c    00000068                                   : copy_decompress_lzss.c.obj (.text:decompress:lzss:__TI_decompress_lzss)
                  000006a4    00000044                                   : autoinit.c.obj (.text:__TI_auto_init_nobinit_nopinit:__TI_auto_init_nobinit_nopinit)
                  000006e8    00000038                                   : boot_cortex_m.c.obj (.text:_c_int00_noargs:_c_int00_noargs)
                  00000720    0000000e                                   : copy_decompress_none.c.obj (.text:decompress:none:__TI_decompress_none)
                  0000072e    0000000e     startup_msp432p401r_ccs.obj (.text)
                  0000073c    00000004     rtsv7M4_T_le_v4SPD16_eabi.lib : pre_init.c.obj (.text:_system_pre_init)
                  00000740    00000004                                   : exit.c.obj (.text:abort:abort)

.cinit     0    00000748    00000030     
                  00000748    0000001f     (.cinit..data.load) [load image, compression = lzss]
                  00000767    00000001     --HOLE-- [fill = 0]
                  00000768    00000008     (__TI_handler_table)
                  00000770    00000008     (__TI_cinit_table)

.init_array 
*          0    00000000    00000000     UNINITIALIZED

.binit     0    00000000    00000000     

.data      0    20000000    0000001c     UNINITIALIZED
                  20000000    00000018     main.obj (.data:pwmConfig)
                  20000018    00000004     system_msp432p401r.obj (.data)

.stack     0    2000fe00    00000200     UNINITIALIZED
                  2000fe00    00000004     rtsv7M4_T_le_v4SPD16_eabi.lib : boot_cortex_m.c.obj (.stack)
                  2000fe04    000001fc     --HOLE--

MODULE SUMMARY

       Module                        code   ro data   rw data
       ------                        ----   -------   -------
    .\
       system_msp432p401r.obj        820    0         8      
       main.obj                      392    0         48     
       startup_msp432p401r_ccs.obj   14     228       0      
    +--+-----------------------------+------+---------+---------+
       Total:                        1226   228       56     
                                                             
    C:\ti\ccsv8\tools\compiler\ti-cgt-arm_18.1.4.LTS\lib\rtsv7M4_T_le_v4SPD16_eabi.lib
       memcpy_t2.asm.obj             156    0         0      
       copy_decompress_lzss.c.obj    104    0         0      
       autoinit.c.obj                68     0         0      
       boot_cortex_m.c.obj           56     0         0      
       copy_decompress_none.c.obj    14     0         0      
       exit.c.obj                    4      0         0      
       pre_init.c.obj                4      0         0      
    +--+-----------------------------+------+---------+---------+
       Total:                        406    0         0      
                                                             
       Stack:                        0      0         1024   
       Linker Generated:             0      47        0      
    +--+-----------------------------+------+---------+---------+
       Grand Total:                  1632   275       1080   


LINKER GENERATED COPY TABLES

__TI_cinit_table @ 00000770 records: 1, size/record: 8, table size: 8
	.data: load addr=00000748, load size=0000001f bytes, run addr=20000000, run size=0000001c bytes, compression=lzss


LINKER GENERATED HANDLER TABLE

__TI_handler_table @ 00000768 records: 2, size/record: 4, table size: 8
	index: 0, handler: __TI_decompress_lzss
	index: 1, handler: __TI_decompress_none


GLOBAL SYMBOLS: SORTED ALPHABETICALLY BY Name 

address   name                          
-------   ----                          
0000073b  ADC14_IRQHandler              
0000073b  AES256_IRQHandler             
0000073b  BusFault_Handler              
00000741  C$$EXIT                       
0000073b  COMP_E0_IRQHandler            
0000073b  COMP_E1_IRQHandler            
0000073b  CS_IRQHandler                 
0000073b  DMA_ERR_IRQHandler            
0000073b  DMA_INT0_IRQHandler           
0000073b  DMA_INT1_IRQHandler           
0000073b  DMA_INT2_IRQHandler           
0000073b  DMA_INT3_IRQHandler           
0000073b  DebugMon_Handler              
0000073b  Default_Handler               
0000073b  EUSCIA0_IRQHandler            
0000073b  EUSCIA1_IRQHandler            
0000073b  EUSCIA2_IRQHandler            
0000073b  EUSCIA3_IRQHandler            
0000073b  EUSCIB0_IRQHandler            
0000073b  EUSCIB1_IRQHandler            
0000073b  EUSCIB2_IRQHandler            
0000073b  EUSCIB3_IRQHandler            
0000073b  FLCTL_IRQHandler              
0000073b  FPU_IRQHandler                
0000073b  HardFault_Handler             
0000073b  MemManage_Handler             
0000073b  NMI_Handler                   
0000073b  PCM_IRQHandler                
000004f7  PORT1_IRQHandler              
000004f7  PORT1_IRQHandler              
0000073b  PORT2_IRQHandler              
0000073b  PORT3_IRQHandler              
0000073b  PORT4_IRQHandler              
0000073b  PORT5_IRQHandler              
0000073b  PORT6_IRQHandler              
0000073b  PSS_IRQHandler                
0000073b  PendSV_Handler                
0000073b  RTC_C_IRQHandler              
0000072f  Reset_Handler                 
0000073b  SVC_Handler                   
0000073b  SysTick_Handler               
20000018  SystemCoreClock               
000000e5  SystemCoreClockUpdate         
0000035d  SystemInit                    
0000073b  T32_INT1_IRQHandler           
0000073b  T32_INT2_IRQHandler           
0000073b  T32_INTC_IRQHandler           
0000073b  TA0_0_IRQHandler              
0000073b  TA0_N_IRQHandler              
0000073b  TA1_0_IRQHandler              
0000073b  TA1_N_IRQHandler              
0000073b  TA2_0_IRQHandler              
0000073b  TA2_N_IRQHandler              
0000073b  TA3_0_IRQHandler              
0000073b  TA3_N_IRQHandler              
0000073b  UsageFault_Handler            
4000480c  WDTCTL_SYM                    
0000073b  WDT_A_IRQHandler              
20010000  __STACK_END                   
00000200  __STACK_SIZE                  
00000770  __TI_CINIT_Base               
00000778  __TI_CINIT_Limit              
00000768  __TI_Handler_Table_Base       
00000770  __TI_Handler_Table_Limit      
000006a5  __TI_auto_init_nobinit_nopinit
0000063d  __TI_decompress_lzss          
00000721  __TI_decompress_none          
ffffffff  __TI_pprof_out_hndl           
ffffffff  __TI_prof_data_size           
ffffffff  __TI_prof_data_start          
00000000  __TI_static_base__            
000005a1  __aeabi_memcpy                
000005a1  __aeabi_memcpy4               
000005a1  __aeabi_memcpy8               
ffffffff  __binit__                     
ffffffff  __c_args__                    
UNDEFED   __mpu_init                    
2000fe00  __stack                       
000006e9  _c_int00_noargs               
UNDEFED   _system_post_cinit            
0000073d  _system_pre_init              
00000741  abort                         
ffffffff  binit                         
00000000  interruptVectors              
00000419  main                          
000005a1  memcpy                        
20000000  pwmConfig                     


GLOBAL SYMBOLS: SORTED BY Symbol Address 

address   name                          
-------   ----                          
00000000  __TI_static_base__            
00000000  interruptVectors              
000000e5  SystemCoreClockUpdate         
00000200  __STACK_SIZE                  
0000035d  SystemInit                    
00000419  main                          
000004f7  PORT1_IRQHandler              
000004f7  PORT1_IRQHandler              
000005a1  __aeabi_memcpy                
000005a1  __aeabi_memcpy4               
000005a1  __aeabi_memcpy8               
000005a1  memcpy                        
0000063d  __TI_decompress_lzss          
000006a5  __TI_auto_init_nobinit_nopinit
000006e9  _c_int00_noargs               
00000721  __TI_decompress_none          
0000072f  Reset_Handler                 
0000073b  ADC14_IRQHandler              
0000073b  AES256_IRQHandler             
0000073b  BusFault_Handler              
0000073b  COMP_E0_IRQHandler            
0000073b  COMP_E1_IRQHandler            
0000073b  CS_IRQHandler                 
0000073b  DMA_ERR_IRQHandler            
0000073b  DMA_INT0_IRQHandler           
0000073b  DMA_INT1_IRQHandler           
0000073b  DMA_INT2_IRQHandler           
0000073b  DMA_INT3_IRQHandler           
0000073b  DebugMon_Handler              
0000073b  Default_Handler               
0000073b  EUSCIA0_IRQHandler            
0000073b  EUSCIA1_IRQHandler            
0000073b  EUSCIA2_IRQHandler            
0000073b  EUSCIA3_IRQHandler            
0000073b  EUSCIB0_IRQHandler            
0000073b  EUSCIB1_IRQHandler            
0000073b  EUSCIB2_IRQHandler            
0000073b  EUSCIB3_IRQHandler            
0000073b  FLCTL_IRQHandler              
0000073b  FPU_IRQHandler                
0000073b  HardFault_Handler             
0000073b  MemManage_Handler             
0000073b  NMI_Handler                   
0000073b  PCM_IRQHandler                
0000073b  PORT2_IRQHandler              
0000073b  PORT3_IRQHandler              
0000073b  PORT4_IRQHandler              
0000073b  PORT5_IRQHandler              
0000073b  PORT6_IRQHandler              
0000073b  PSS_IRQHandler                
0000073b  PendSV_Handler                
0000073b  RTC_C_IRQHandler              
0000073b  SVC_Handler                   
0000073b  SysTick_Handler               
0000073b  T32_INT1_IRQHandler           
0000073b  T32_INT2_IRQHandler           
0000073b  T32_INTC_IRQHandler           
0000073b  TA0_0_IRQHandler              
0000073b  TA0_N_IRQHandler              
0000073b  TA1_0_IRQHandler              
0000073b  TA1_N_IRQHandler              
0000073b  TA2_0_IRQHandler              
0000073b  TA2_N_IRQHandler              
0000073b  TA3_0_IRQHandler              
0000073b  TA3_N_IRQHandler              
0000073b  UsageFault_Handler            
0000073b  WDT_A_IRQHandler              
0000073d  _system_pre_init              
00000741  C$$EXIT                       
00000741  abort                         
00000768  __TI_Handler_Table_Base       
00000770  __TI_CINIT_Base               
00000770  __TI_Handler_Table_Limit      
00000778  __TI_CINIT_Limit              
20000000  pwmConfig                     
20000018  SystemCoreClock               
2000fe00  __stack                       
20010000  __STACK_END                   
4000480c  WDTCTL_SYM                    
ffffffff  __TI_pprof_out_hndl           
ffffffff  __TI_prof_data_size           
ffffffff  __TI_prof_data_start          
ffffffff  __binit__                     
ffffffff  __c_args__                    
ffffffff  binit                         
UNDEFED   __mpu_init                    
UNDEFED   _system_post_cinit            

[87 symbols]
